[22:18:27.581] [INFO] storybook v10.2.7
[22:18:27.870] [DEBUG] Getting package.json info for /Users/mama7/development/eink-library/package.json...
[22:18:27.990] [INFO] Starting...
[22:18:28.143] [DEBUG] Starting preview..
[22:18:28.147] [WARN] 🚨 Unable to index files:
- ./src/stories/docs/01-tokens.mdx: Invariant failed: Could not find or load CSF file at path "./docs.stories" referenced by `of={}` in docs file "src/stories/docs/01-tokens.mdx".

- Does that file exist?
- If so, is it a CSF file (`.stories.*`)?
- If so, is it matched by the `stories` glob in `main.js`?
- If so, has the file successfully loaded in Storybook and are its stories visible?
- ./src/stories/docs/02-colors.mdx: Invariant failed: Could not find or load CSF file at path "./docs.stories" referenced by `of={}` in docs file "src/stories/docs/02-colors.mdx".

- Does that file exist?
- If so, is it a CSF file (`.stories.*`)?
- If so, is it matched by the `stories` glob in `main.js`?
- If so, has the file successfully loaded in Storybook and are its stories visible?
- ./src/stories/docs/03-layout.mdx: Invariant failed: Could not find or load CSF file at path "./docs.stories" referenced by `of={}` in docs file "src/stories/docs/03-layout.mdx".

- Does that file exist?
- If so, is it a CSF file (`.stories.*`)?
- If so, is it matched by the `stories` glob in `main.js`?
- If so, has the file successfully loaded in Storybook and are its stories visible?
- ./src/stories/docs/10-web-components.mdx: Invariant failed: Could not find or load CSF file at path "./docs.stories" referenced by `of={}` in docs file "src/stories/docs/10-web-components.mdx".

- Does that file exist?
- If so, is it a CSF file (`.stories.*`)?
- If so, is it matched by the `stories` glob in `main.js`?
- If so, has the file successfully loaded in Storybook and are its stories visible?
[22:18:28.152] [ERROR] Failed to build the preview
[22:18:28.152] [ERROR] Error: [38;2;241;97;97mUnable to index files:
- ./src/stories/docs/01-tokens.mdx: Invariant failed: Could not find or load CSF file at path "./docs.stories" referenced by `of={}` in docs file "src/stories/docs/01-tokens.mdx".

- Does that file exist?
- If so, is it a CSF file (`.stories.*`)?
- If so, is it matched by the `stories` glob in `main.js`?
- If so, has the file successfully loaded in Storybook and are its stories visible?
- ./src/stories/docs/02-colors.mdx: Invariant failed: Could not find or load CSF file at path "./docs.stories" referenced by `of={}` in docs file "src/stories/docs/02-colors.mdx".

- Does that file exist?
- If so, is it a CSF file (`.stories.*`)?
- If so, is it matched by the `stories` glob in `main.js`?
- If so, has the file successfully loaded in Storybook and are its stories visible?
- ./src/stories/docs/03-layout.mdx: Invariant failed: Could not find or load CSF file at path "./docs.stories" referenced by `of={}` in docs file "src/stories/docs/03-layout.mdx".

- Does that file exist?
- If so, is it a CSF file (`.stories.*`)?
- If so, is it matched by the `stories` glob in `main.js`?
- If so, has the file successfully loaded in Storybook and are its stories visible?
- ./src/stories/docs/10-web-components.mdx: Invariant failed: Could not find or load CSF file at path "./docs.stories" referenced by `of={}` in docs file "src/stories/docs/10-web-components.mdx".

- Does that file exist?
- If so, is it a CSF file (`.stories.*`)?
- If so, is it matched by the `stories` glob in `main.js`?
- If so, has the file successfully loaded in Storybook and are its stories visible?[39m
    at _StoryIndexGenerator.getIndexAndStats (file://./node_modules/storybook/dist/core-server/index.js:6082:15)
    at async _StoryIndexGenerator.getIndex (file://./node_modules/storybook/dist/core-server/index.js:6071:13)
    at async getOptimizeDeps (file://./node_modules/@storybook/builder-vite/dist/index.js:1862:15)
    at async createViteServer (file://./node_modules/@storybook/builder-vite/dist/index.js:1888:19)
    at async Module.start (file://./node_modules/@storybook/builder-vite/dist/index.js:1923:17)
    at async storybookDevServer (file://./node_modules/storybook/dist/core-server/index.js:7207:83)
    at async buildOrThrow (file://./node_modules/storybook/dist/core-server/index.js:4504:12)
    at async buildDevStandalone (file://./node_modules/storybook/dist/core-server/index.js:7577:66)
    at async withTelemetry (file://./node_modules/storybook/dist/_node-chunks/chunk-TQNBPEAH.js:218:12)
    at async dev (file://./node_modules/storybook/dist/bin/core.js:2734:3)
[22:18:28.156] [WARN] Broken build, fix the error above.
You may need to refresh the browser.